// Jest Snapshot v1, https://goo.gl/fbAQLP

exports[`Effort Display Tests should match the snapshot 1`] = `
ShallowWrapper {
  "length": 1,
  Symbol(enzyme.__root__): [Circular],
  Symbol(enzyme.__unrendered__): <App
    handleBestEfforts={[Function]}
    store={
        Object {
            "clearActions": [Function],
            "dispatch": [Function],
            "getActions": [Function],
            "getState": [Function],
            "replaceReducer": [Function],
            "subscribe": [Function],
          }
    }
/>,
  Symbol(enzyme.__renderer__): Object {
    "batchedUpdates": [Function],
    "getNode": [Function],
    "render": [Function],
    "simulateEvent": [Function],
    "unmount": [Function],
  },
  Symbol(enzyme.__node__): Object {
    "instance": null,
    "key": undefined,
    "nodeType": "host",
    "props": Object {
      "children": Array [
        <nav
          id="page-nav"
>
          <div
                    id="logo"
          />
          <h1>
                    Fartleks
          </h1>
</nav>,
        <div
          id="nav-spacer"
/>,
        <Connect(RouteMap) />,
        <div
          id="split"
>
          <div
                    className="split-line"
          />
          <div
                    id="arrow"
                    onClick={[Function]}
          />
          <div
                    className="split-line"
          />
</div>,
        <Connect(EffortDisplay) />,
        <h3
          id="graph-title"
>
          Power vs Time
</h3>,
        <h5
          id="graph-use"
>
          Select Range Of Data To Display On Map
</h5>,
        <Connect(Graph) />,
        <footer />,
      ],
      "className": "App",
    },
    "ref": null,
    "rendered": Array [
      Object {
        "instance": null,
        "key": undefined,
        "nodeType": "host",
        "props": Object {
          "children": Array [
            <div
              id="logo"
/>,
            <h1>
              Fartleks
</h1>,
          ],
          "id": "page-nav",
        },
        "ref": null,
        "rendered": Array [
          Object {
            "instance": null,
            "key": undefined,
            "nodeType": "host",
            "props": Object {
              "id": "logo",
            },
            "ref": null,
            "rendered": null,
            "type": "div",
          },
          Object {
            "instance": null,
            "key": undefined,
            "nodeType": "host",
            "props": Object {
              "children": "Fartleks",
            },
            "ref": null,
            "rendered": "Fartleks",
            "type": "h1",
          },
        ],
        "type": "nav",
      },
      Object {
        "instance": null,
        "key": undefined,
        "nodeType": "host",
        "props": Object {
          "id": "nav-spacer",
        },
        "ref": null,
        "rendered": null,
        "type": "div",
      },
      Object {
        "instance": null,
        "key": undefined,
        "nodeType": "class",
        "props": Object {},
        "ref": null,
        "rendered": null,
        "type": [Function],
      },
      Object {
        "instance": null,
        "key": undefined,
        "nodeType": "host",
        "props": Object {
          "children": Array [
            <div
              className="split-line"
/>,
            <div
              id="arrow"
              onClick={[Function]}
/>,
            <div
              className="split-line"
/>,
          ],
          "id": "split",
        },
        "ref": null,
        "rendered": Array [
          Object {
            "instance": null,
            "key": undefined,
            "nodeType": "host",
            "props": Object {
              "className": "split-line",
            },
            "ref": null,
            "rendered": null,
            "type": "div",
          },
          Object {
            "instance": null,
            "key": undefined,
            "nodeType": "host",
            "props": Object {
              "id": "arrow",
              "onClick": [Function],
            },
            "ref": null,
            "rendered": null,
            "type": "div",
          },
          Object {
            "instance": null,
            "key": undefined,
            "nodeType": "host",
            "props": Object {
              "className": "split-line",
            },
            "ref": null,
            "rendered": null,
            "type": "div",
          },
        ],
        "type": "div",
      },
      Object {
        "instance": null,
        "key": undefined,
        "nodeType": "class",
        "props": Object {},
        "ref": null,
        "rendered": null,
        "type": [Function],
      },
      Object {
        "instance": null,
        "key": undefined,
        "nodeType": "host",
        "props": Object {
          "children": "Power vs Time",
          "id": "graph-title",
        },
        "ref": null,
        "rendered": "Power vs Time",
        "type": "h3",
      },
      Object {
        "instance": null,
        "key": undefined,
        "nodeType": "host",
        "props": Object {
          "children": "Select Range Of Data To Display On Map",
          "id": "graph-use",
        },
        "ref": null,
        "rendered": "Select Range Of Data To Display On Map",
        "type": "h5",
      },
      Object {
        "instance": null,
        "key": undefined,
        "nodeType": "class",
        "props": Object {},
        "ref": null,
        "rendered": null,
        "type": [Function],
      },
      Object {
        "instance": null,
        "key": undefined,
        "nodeType": "host",
        "props": Object {},
        "ref": null,
        "rendered": null,
        "type": "footer",
      },
    ],
    "type": "div",
  },
  Symbol(enzyme.__nodes__): Array [
    Object {
      "instance": null,
      "key": undefined,
      "nodeType": "host",
      "props": Object {
        "children": Array [
          <nav
            id="page-nav"
>
            <div
                        id="logo"
            />
            <h1>
                        Fartleks
            </h1>
</nav>,
          <div
            id="nav-spacer"
/>,
          <Connect(RouteMap) />,
          <div
            id="split"
>
            <div
                        className="split-line"
            />
            <div
                        id="arrow"
                        onClick={[Function]}
            />
            <div
                        className="split-line"
            />
</div>,
          <Connect(EffortDisplay) />,
          <h3
            id="graph-title"
>
            Power vs Time
</h3>,
          <h5
            id="graph-use"
>
            Select Range Of Data To Display On Map
</h5>,
          <Connect(Graph) />,
          <footer />,
        ],
        "className": "App",
      },
      "ref": null,
      "rendered": Array [
        Object {
          "instance": null,
          "key": undefined,
          "nodeType": "host",
          "props": Object {
            "children": Array [
              <div
                id="logo"
/>,
              <h1>
                Fartleks
</h1>,
            ],
            "id": "page-nav",
          },
          "ref": null,
          "rendered": Array [
            Object {
              "instance": null,
              "key": undefined,
              "nodeType": "host",
              "props": Object {
                "id": "logo",
              },
              "ref": null,
              "rendered": null,
              "type": "div",
            },
            Object {
              "instance": null,
              "key": undefined,
              "nodeType": "host",
              "props": Object {
                "children": "Fartleks",
              },
              "ref": null,
              "rendered": "Fartleks",
              "type": "h1",
            },
          ],
          "type": "nav",
        },
        Object {
          "instance": null,
          "key": undefined,
          "nodeType": "host",
          "props": Object {
            "id": "nav-spacer",
          },
          "ref": null,
          "rendered": null,
          "type": "div",
        },
        Object {
          "instance": null,
          "key": undefined,
          "nodeType": "class",
          "props": Object {},
          "ref": null,
          "rendered": null,
          "type": [Function],
        },
        Object {
          "instance": null,
          "key": undefined,
          "nodeType": "host",
          "props": Object {
            "children": Array [
              <div
                className="split-line"
/>,
              <div
                id="arrow"
                onClick={[Function]}
/>,
              <div
                className="split-line"
/>,
            ],
            "id": "split",
          },
          "ref": null,
          "rendered": Array [
            Object {
              "instance": null,
              "key": undefined,
              "nodeType": "host",
              "props": Object {
                "className": "split-line",
              },
              "ref": null,
              "rendered": null,
              "type": "div",
            },
            Object {
              "instance": null,
              "key": undefined,
              "nodeType": "host",
              "props": Object {
                "id": "arrow",
                "onClick": [Function],
              },
              "ref": null,
              "rendered": null,
              "type": "div",
            },
            Object {
              "instance": null,
              "key": undefined,
              "nodeType": "host",
              "props": Object {
                "className": "split-line",
              },
              "ref": null,
              "rendered": null,
              "type": "div",
            },
          ],
          "type": "div",
        },
        Object {
          "instance": null,
          "key": undefined,
          "nodeType": "class",
          "props": Object {},
          "ref": null,
          "rendered": null,
          "type": [Function],
        },
        Object {
          "instance": null,
          "key": undefined,
          "nodeType": "host",
          "props": Object {
            "children": "Power vs Time",
            "id": "graph-title",
          },
          "ref": null,
          "rendered": "Power vs Time",
          "type": "h3",
        },
        Object {
          "instance": null,
          "key": undefined,
          "nodeType": "host",
          "props": Object {
            "children": "Select Range Of Data To Display On Map",
            "id": "graph-use",
          },
          "ref": null,
          "rendered": "Select Range Of Data To Display On Map",
          "type": "h5",
        },
        Object {
          "instance": null,
          "key": undefined,
          "nodeType": "class",
          "props": Object {},
          "ref": null,
          "rendered": null,
          "type": [Function],
        },
        Object {
          "instance": null,
          "key": undefined,
          "nodeType": "host",
          "props": Object {},
          "ref": null,
          "rendered": null,
          "type": "footer",
        },
      ],
      "type": "div",
    },
  ],
  Symbol(enzyme.__options__): Object {
    "adapter": ReactSixteenAdapter {
      "options": Object {
        "enableComponentDidUpdateOnSetState": true,
      },
    },
  },
}
`;
